---
http_interactions:
- request:
    method: put
    uri: http://localhost:9200/projects/project/80
    body:
      encoding: UTF-8
      string: '{"id":80,"name":"rails","platform":"Rubygems","created_at":"2016-12-28T09:55:12.072Z","updated_at":"2016-12-28T09:55:12.072Z","description":"Ruby
        on Rails is a full-stack web framework optimized for programmer happiness
        and sustainable productivity. It encourages beautiful code by favoring convention
        over configuration.","keywords":["web"],"homepage":"http://rubyonrails.org/","licenses":"MIT","repository_url":"https://github.com/rails/rails","github_repository_id":null,"normalized_licenses":["MIT"],"versions_count":0,"rank":0,"latest_release_published_at":"2016-12-28T09:55:12.072Z","latest_release_number":null,"pm_id":null,"keywords_array":["web"],"dependents_count":0,"language":"Ruby","status":null,"last_synced_at":null,"dependent_repos_count":0,"stars":0,"repo_name":null,"exact_name":"rails","github_contributions_count":0,"pushed_at":null}'
    headers:
      User-Agent:
      - Faraday v0.10.0
      Accept-Encoding:
      - gzip,deflate
      Expect:
      - ''
  response:
    status:
      code: 201
      message: Created
    headers:
      Content-Type:
      - application/json; charset=UTF-8
      Content-Length:
      - '78'
    body:
      encoding: UTF-8
      string: '{"_index":"projects","_type":"project","_id":"80","_version":1,"created":true}'
    http_version: 
  recorded_at: Wed, 28 Dec 2016 09:55:12 GMT
- request:
    method: put
    uri: http://localhost:9200/projects/project/80
    body:
      encoding: UTF-8
      string: '{"id":80,"name":"rails","platform":"Rubygems","created_at":"2016-12-28T09:55:12.072Z","updated_at":"2016-12-28T09:55:12.072Z","description":"Ruby
        on Rails is a full-stack web framework optimized for programmer happiness
        and sustainable productivity. It encourages beautiful code by favoring convention
        over configuration.","keywords":["web"],"homepage":"http://rubyonrails.org/","licenses":"MIT","repository_url":"https://github.com/rails/rails","github_repository_id":null,"normalized_licenses":["MIT"],"versions_count":0,"rank":0,"latest_release_published_at":"2016-12-28T09:55:12.072Z","latest_release_number":null,"pm_id":null,"keywords_array":["web"],"dependents_count":0,"language":"Ruby","status":null,"last_synced_at":null,"dependent_repos_count":0,"stars":0,"repo_name":null,"exact_name":"rails","github_contributions_count":0,"pushed_at":null}'
    headers:
      User-Agent:
      - Faraday v0.10.0
      Accept-Encoding:
      - gzip,deflate
      Expect:
      - ''
  response:
    status:
      code: 200
      message: OK
    headers:
      Content-Type:
      - application/json; charset=UTF-8
      Content-Length:
      - '79'
    body:
      encoding: UTF-8
      string: '{"_index":"projects","_type":"project","_id":"80","_version":2,"created":false}'
    http_version: 
  recorded_at: Wed, 28 Dec 2016 09:55:12 GMT
- request:
    method: delete
    uri: http://localhost:9200/projects
    body:
      encoding: US-ASCII
      string: ''
    headers:
      User-Agent:
      - Faraday v0.10.0
      Accept-Encoding:
      - gzip,deflate
      Expect:
      - ''
  response:
    status:
      code: 200
      message: OK
    headers:
      Content-Type:
      - application/json; charset=UTF-8
      Content-Length:
      - '21'
    body:
      encoding: UTF-8
      string: '{"acknowledged":true}'
    http_version: 
  recorded_at: Wed, 28 Dec 2016 09:55:12 GMT
- request:
    method: head
    uri: http://localhost:9200/projects
    body:
      encoding: US-ASCII
      string: ''
    headers:
      User-Agent:
      - Faraday v0.10.0
      Accept-Encoding:
      - gzip,deflate
      Expect:
      - ''
  response:
    status:
      code: 404
      message: Not Found
    headers:
      Content-Type:
      - text/plain; charset=UTF-8
      Content-Length:
      - '0'
    body:
      encoding: UTF-8
      string: ''
    http_version: 
  recorded_at: Wed, 28 Dec 2016 09:55:12 GMT
- request:
    method: put
    uri: http://localhost:9200/projects
    body:
      encoding: UTF-8
      string: '{"settings":{"index":{"number_of_shards":1,"number_of_replicas":0}},"mappings":{"project":{"properties":{"name":{"analyzer":"snowball","boost":6,"type":"string"},"exact_name":{"index":"not_analyzed","boost":2,"type":"string"},"description":{"analyzer":"snowball","type":"string"},"homepage":{"type":"string"},"repository_url":{"type":"string"},"repo_name":{"type":"string"},"latest_release_number":{"analyzer":"keyword","type":"string"},"keywords_array":{"analyzer":"keyword","type":"string"},"language":{"analyzer":"keyword","type":"string"},"normalized_licenses":{"analyzer":"keyword","type":"string"},"platform":{"analyzer":"keyword","type":"string"},"status":{"index":"not_analyzed","type":"string"},"created_at":{"type":"date"},"updated_at":{"type":"date"},"latest_release_published_at":{"type":"date"},"pushed_at":{"type":"date"},"rank":{"type":"integer"},"stars":{"type":"integer"},"versions_count":{"type":"integer"},"dependents_count":{"type":"integer"},"dependent_repos_count":{"type":"integer"},"github_repository_id":{"type":"integer"},"github_contributions_count":{"type":"integer"}}}}}'
    headers:
      User-Agent:
      - Faraday v0.10.0
      Accept-Encoding:
      - gzip,deflate
      Expect:
      - ''
  response:
    status:
      code: 200
      message: OK
    headers:
      Content-Type:
      - application/json; charset=UTF-8
      Content-Length:
      - '21'
    body:
      encoding: UTF-8
      string: '{"acknowledged":true}'
    http_version: 
  recorded_at: Wed, 28 Dec 2016 09:55:12 GMT
- request:
    method: post
    uri: http://localhost:9200/projects/project/_bulk
    body:
      encoding: UTF-8
      string: |
        {"index":{"_id":80}}
        {"id":80,"name":"rails","platform":"Rubygems","created_at":"2016-12-28T09:55:12.072Z","updated_at":"2016-12-28T09:55:12.072Z","description":"Ruby on Rails is a full-stack web framework optimized for programmer happiness and sustainable productivity. It encourages beautiful code by favoring convention over configuration.","keywords":["web"],"homepage":"http://rubyonrails.org/","licenses":"MIT","repository_url":"https://github.com/rails/rails","github_repository_id":null,"normalized_licenses":["MIT"],"versions_count":0,"rank":0,"latest_release_published_at":"2016-12-28T09:55:12.072Z","latest_release_number":null,"pm_id":null,"keywords_array":["web"],"dependents_count":0,"language":"Ruby","status":null,"last_synced_at":null,"dependent_repos_count":0,"stars":0,"repo_name":null,"exact_name":"rails","github_contributions_count":0,"pushed_at":null}
    headers:
      User-Agent:
      - Faraday v0.10.0
      Accept-Encoding:
      - gzip,deflate
      Expect:
      - ''
  response:
    status:
      code: 200
      message: OK
    headers:
      Content-Type:
      - application/json; charset=UTF-8
      Content-Length:
      - '122'
    body:
      encoding: UTF-8
      string: '{"took":2,"errors":false,"items":[{"index":{"_index":"projects","_type":"project","_id":"80","_version":1,"status":201}}]}'
    http_version: 
  recorded_at: Wed, 28 Dec 2016 09:55:12 GMT
- request:
    method: post
    uri: http://localhost:9200/projects/_refresh
    body:
      encoding: UTF-8
      string: ''
    headers:
      User-Agent:
      - Faraday v0.10.0
      Accept-Encoding:
      - gzip,deflate
      Content-Length:
      - '0'
      Expect:
      - ''
  response:
    status:
      code: 200
      message: OK
    headers:
      Content-Type:
      - application/json; charset=UTF-8
      Content-Length:
      - '49'
    body:
      encoding: UTF-8
      string: '{"_shards":{"total":1,"successful":1,"failed":0}}'
    http_version: 
  recorded_at: Wed, 28 Dec 2016 09:55:12 GMT
- request:
    method: get
    uri: http://localhost:9200/projects/_count
    body:
      encoding: US-ASCII
      string: ''
    headers:
      User-Agent:
      - Faraday v0.10.0
      Accept-Encoding:
      - gzip,deflate
      Expect:
      - ''
  response:
    status:
      code: 200
      message: OK
    headers:
      Content-Type:
      - application/json; charset=UTF-8
      Content-Length:
      - '59'
    body:
      encoding: UTF-8
      string: '{"count":1,"_shards":{"total":1,"successful":1,"failed":0}}'
    http_version: 
  recorded_at: Wed, 28 Dec 2016 09:55:12 GMT
recorded_with: VCR 3.0.3
